###############################################################################
#
# IAR ELF Linker V7.10.1.6676/W32 for ARM                 11/Dec/2015  23:15:03
# Copyright 2007-2014 IAR Systems AB.
#
#    Output file  =  
#        C:\Users\DELL\Desktop\Mini projet\Formation STM32F4 L3SE (1)\Formation
#        STM32F4
#        L3SE\Exercices\Template\EWARM\Demo\Exe\STM32F4-Discovery_Demo.out
#    Map file     =  
#        C:\Users\DELL\Desktop\Mini projet\Formation STM32F4 L3SE (1)\Formation
#        STM32F4
#        L3SE\Exercices\Template\EWARM\Demo\List\STM32F4-Discovery_Demo.map
#    Command line =  
#        "C:\Users\DELL\Desktop\Mini projet\Formation STM32F4 L3SE
#        (1)\Formation STM32F4 L3SE\Exercices\Template\EWARM\Demo\Obj\main.o"
#        "C:\Users\DELL\Desktop\Mini projet\Formation STM32F4 L3SE
#        (1)\Formation STM32F4 L3SE\Exercices\Template\EWARM\Demo\Obj\misc.o"
#        "C:\Users\DELL\Desktop\Mini projet\Formation STM32F4 L3SE
#        (1)\Formation STM32F4
#        L3SE\Exercices\Template\EWARM\Demo\Obj\MT_WH1602.o"
#        "C:\Users\DELL\Desktop\Mini projet\Formation STM32F4 L3SE
#        (1)\Formation STM32F4
#        L3SE\Exercices\Template\EWARM\Demo\Obj\startup_stm32f40xx.o"
#        "C:\Users\DELL\Desktop\Mini projet\Formation STM32F4 L3SE
#        (1)\Formation STM32F4
#        L3SE\Exercices\Template\EWARM\Demo\Obj\stm32f4xx_adc.o"
#        "C:\Users\DELL\Desktop\Mini projet\Formation STM32F4 L3SE
#        (1)\Formation STM32F4
#        L3SE\Exercices\Template\EWARM\Demo\Obj\stm32f4xx_can.o"
#        "C:\Users\DELL\Desktop\Mini projet\Formation STM32F4 L3SE
#        (1)\Formation STM32F4
#        L3SE\Exercices\Template\EWARM\Demo\Obj\stm32f4xx_crc.o"
#        "C:\Users\DELL\Desktop\Mini projet\Formation STM32F4 L3SE
#        (1)\Formation STM32F4
#        L3SE\Exercices\Template\EWARM\Demo\Obj\stm32f4xx_cryp.o"
#        "C:\Users\DELL\Desktop\Mini projet\Formation STM32F4 L3SE
#        (1)\Formation STM32F4
#        L3SE\Exercices\Template\EWARM\Demo\Obj\stm32f4xx_cryp_aes.o"
#        "C:\Users\DELL\Desktop\Mini projet\Formation STM32F4 L3SE
#        (1)\Formation STM32F4
#        L3SE\Exercices\Template\EWARM\Demo\Obj\stm32f4xx_cryp_des.o"
#        "C:\Users\DELL\Desktop\Mini projet\Formation STM32F4 L3SE
#        (1)\Formation STM32F4
#        L3SE\Exercices\Template\EWARM\Demo\Obj\stm32f4xx_cryp_tdes.o"
#        "C:\Users\DELL\Desktop\Mini projet\Formation STM32F4 L3SE
#        (1)\Formation STM32F4
#        L3SE\Exercices\Template\EWARM\Demo\Obj\stm32f4xx_dac.o"
#        "C:\Users\DELL\Desktop\Mini projet\Formation STM32F4 L3SE
#        (1)\Formation STM32F4
#        L3SE\Exercices\Template\EWARM\Demo\Obj\stm32f4xx_dbgmcu.o"
#        "C:\Users\DELL\Desktop\Mini projet\Formation STM32F4 L3SE
#        (1)\Formation STM32F4
#        L3SE\Exercices\Template\EWARM\Demo\Obj\stm32f4xx_dcmi.o"
#        "C:\Users\DELL\Desktop\Mini projet\Formation STM32F4 L3SE
#        (1)\Formation STM32F4
#        L3SE\Exercices\Template\EWARM\Demo\Obj\stm32f4xx_dma.o"
#        "C:\Users\DELL\Desktop\Mini projet\Formation STM32F4 L3SE
#        (1)\Formation STM32F4
#        L3SE\Exercices\Template\EWARM\Demo\Obj\stm32f4xx_exti.o"
#        "C:\Users\DELL\Desktop\Mini projet\Formation STM32F4 L3SE
#        (1)\Formation STM32F4
#        L3SE\Exercices\Template\EWARM\Demo\Obj\stm32f4xx_flash.o"
#        "C:\Users\DELL\Desktop\Mini projet\Formation STM32F4 L3SE
#        (1)\Formation STM32F4
#        L3SE\Exercices\Template\EWARM\Demo\Obj\stm32f4xx_fsmc.o"
#        "C:\Users\DELL\Desktop\Mini projet\Formation STM32F4 L3SE
#        (1)\Formation STM32F4
#        L3SE\Exercices\Template\EWARM\Demo\Obj\stm32f4xx_gpio.o"
#        "C:\Users\DELL\Desktop\Mini projet\Formation STM32F4 L3SE
#        (1)\Formation STM32F4
#        L3SE\Exercices\Template\EWARM\Demo\Obj\stm32f4xx_hash.o"
#        "C:\Users\DELL\Desktop\Mini projet\Formation STM32F4 L3SE
#        (1)\Formation STM32F4
#        L3SE\Exercices\Template\EWARM\Demo\Obj\stm32f4xx_hash_md5.o"
#        "C:\Users\DELL\Desktop\Mini projet\Formation STM32F4 L3SE
#        (1)\Formation STM32F4
#        L3SE\Exercices\Template\EWARM\Demo\Obj\stm32f4xx_hash_sha1.o"
#        "C:\Users\DELL\Desktop\Mini projet\Formation STM32F4 L3SE
#        (1)\Formation STM32F4
#        L3SE\Exercices\Template\EWARM\Demo\Obj\stm32f4xx_i2c.o"
#        "C:\Users\DELL\Desktop\Mini projet\Formation STM32F4 L3SE
#        (1)\Formation STM32F4
#        L3SE\Exercices\Template\EWARM\Demo\Obj\stm32f4xx_it.o"
#        "C:\Users\DELL\Desktop\Mini projet\Formation STM32F4 L3SE
#        (1)\Formation STM32F4
#        L3SE\Exercices\Template\EWARM\Demo\Obj\stm32f4xx_iwdg.o"
#        "C:\Users\DELL\Desktop\Mini projet\Formation STM32F4 L3SE
#        (1)\Formation STM32F4
#        L3SE\Exercices\Template\EWARM\Demo\Obj\stm32f4xx_pwr.o"
#        "C:\Users\DELL\Desktop\Mini projet\Formation STM32F4 L3SE
#        (1)\Formation STM32F4
#        L3SE\Exercices\Template\EWARM\Demo\Obj\stm32f4xx_rcc.o"
#        "C:\Users\DELL\Desktop\Mini projet\Formation STM32F4 L3SE
#        (1)\Formation STM32F4
#        L3SE\Exercices\Template\EWARM\Demo\Obj\stm32f4xx_rng.o"
#        "C:\Users\DELL\Desktop\Mini projet\Formation STM32F4 L3SE
#        (1)\Formation STM32F4
#        L3SE\Exercices\Template\EWARM\Demo\Obj\stm32f4xx_rtc.o"
#        "C:\Users\DELL\Desktop\Mini projet\Formation STM32F4 L3SE
#        (1)\Formation STM32F4
#        L3SE\Exercices\Template\EWARM\Demo\Obj\stm32f4xx_sdio.o"
#        "C:\Users\DELL\Desktop\Mini projet\Formation STM32F4 L3SE
#        (1)\Formation STM32F4
#        L3SE\Exercices\Template\EWARM\Demo\Obj\stm32f4xx_spi.o"
#        "C:\Users\DELL\Desktop\Mini projet\Formation STM32F4 L3SE
#        (1)\Formation STM32F4
#        L3SE\Exercices\Template\EWARM\Demo\Obj\stm32f4xx_syscfg.o"
#        "C:\Users\DELL\Desktop\Mini projet\Formation STM32F4 L3SE
#        (1)\Formation STM32F4
#        L3SE\Exercices\Template\EWARM\Demo\Obj\stm32f4xx_tim.o"
#        "C:\Users\DELL\Desktop\Mini projet\Formation STM32F4 L3SE
#        (1)\Formation STM32F4
#        L3SE\Exercices\Template\EWARM\Demo\Obj\stm32f4xx_usart.o"
#        "C:\Users\DELL\Desktop\Mini projet\Formation STM32F4 L3SE
#        (1)\Formation STM32F4
#        L3SE\Exercices\Template\EWARM\Demo\Obj\stm32f4xx_wwdg.o"
#        "C:\Users\DELL\Desktop\Mini projet\Formation STM32F4 L3SE
#        (1)\Formation STM32F4
#        L3SE\Exercices\Template\EWARM\Demo\Obj\system_stm32f4xx.o" --redirect
#        _Printf=_PrintfFull --redirect _Scanf=_ScanfFull -o
#        "C:\Users\DELL\Desktop\Mini projet\Formation STM32F4 L3SE
#        (1)\Formation STM32F4
#        L3SE\Exercices\Template\EWARM\Demo\Exe\STM32F4-Discovery_Demo.out"
#        --map "C:\Users\DELL\Desktop\Mini projet\Formation STM32F4 L3SE
#        (1)\Formation STM32F4
#        L3SE\Exercices\Template\EWARM\Demo\List\STM32F4-Discovery_Demo.map"
#        --config "C:\Users\DELL\Desktop\Mini projet\Formation STM32F4 L3SE
#        (1)\Formation STM32F4
#        L3SE\Exercices\Template\EWARM\STM32F4-Discovery_Demo.icf"
#        --semihosting --entry __iar_program_start --vfe
#
###############################################################################

*******************************************************************************
*** RUNTIME MODEL ATTRIBUTES
***

CppFlavor       = *
__SystemLibrary = DLib


*******************************************************************************
*** PLACEMENT SUMMARY
***

"A1":  place at 0x08000000 { ro section .intvec };
"P1":  place in [from 0x08000000 to 0x080fffff] { ro };
"P2":  place in [from 0x20000000 to 0x2001ffff] { rw, block CSTACK, block HEAP };

  Section            Kind        Address    Size  Object
  -------            ----        -------    ----  ------
"A1":                                      0x188
  .intvec            ro code  0x08000000   0x188  startup_stm32f40xx.o [1]
                            - 0x08000188   0x188

"P1":                                     0x1508
  .text              ro code  0x08000188   0x54c  MT_WH1602.o [1]
  .text              ro code  0x080006d4   0x158  stm32f4xx_rcc.o [1]
  .text              ro code  0x0800082c   0x124  stm32f4xx_gpio.o [1]
  .text              ro code  0x08000950   0x508  main.o [1]
  .text              ro code  0x08000e58   0x208  stm32f4xx_usart.o [1]
  .text              ro code  0x08001060    0x7c  misc.o [1]
  .text              ro code  0x080010dc   0x1ac  stm32f4xx_tim.o [1]
  .text              ro code  0x08001288   0x170  system_stm32f4xx.o [1]
  .text              ro code  0x080013f8    0x2e  copy_init3.o [5]
  .text              ro code  0x08001426    0x22  zero_init3.o [5]
  .text              ro code  0x08001448    0x28  data_init.o [5]
  .iar.init_table    const    0x08001470    0x24  - Linker created -
  .text              ro code  0x08001494    0x1a  fpinit_M.o [4]
  .text              ro code  0x080014b0    0x1a  cmain.o [5]
  .text              ro code  0x080014ca     0x4  low_level_init.o [3]
  .text              ro code  0x080014ce     0x4  exit.o [3]
  .text              ro code  0x080014d4     0xa  cexit.o [5]
  .text              ro code  0x080014e0    0x14  exit.o [6]
  .text              ro code  0x080014f4    0x10  startup_stm32f40xx.o [1]
  .text              ro code  0x08001504     0xc  cstartup_M.o [5]
  .text              ro code  0x08001510     0x4  startup_stm32f40xx.o [1]
  .text              ro code  0x08001514     0x4  startup_stm32f40xx.o [1]
  .text              ro code  0x08001518     0x4  startup_stm32f40xx.o [1]
  .text              ro code  0x0800151c     0x4  startup_stm32f40xx.o [1]
  .text              ro code  0x08001520     0x4  startup_stm32f40xx.o [1]
  .text              ro code  0x08001524     0x4  startup_stm32f40xx.o [1]
  .text              ro code  0x08001528     0x4  startup_stm32f40xx.o [1]
  .text              ro code  0x0800152c     0x4  startup_stm32f40xx.o [1]
  .text              ro code  0x08001530     0x4  startup_stm32f40xx.o [1]
  .text              ro code  0x08001534     0x4  startup_stm32f40xx.o [1]
  .text              ro code  0x08001538     0x4  startup_stm32f40xx.o [1]
  .text              ro code  0x0800153c     0x4  startup_stm32f40xx.o [1]
  .text              ro code  0x08001540     0x4  startup_stm32f40xx.o [1]
  .text              ro code  0x08001544     0x4  startup_stm32f40xx.o [1]
  .text              ro code  0x08001548     0x4  startup_stm32f40xx.o [1]
  .text              ro code  0x0800154c     0x4  startup_stm32f40xx.o [1]
  .text              ro code  0x08001550     0x4  startup_stm32f40xx.o [1]
  .text              ro code  0x08001554     0x4  startup_stm32f40xx.o [1]
  .text              ro code  0x08001558     0x4  startup_stm32f40xx.o [1]
  .text              ro code  0x0800155c     0x4  startup_stm32f40xx.o [1]
  .text              ro code  0x08001560     0x4  startup_stm32f40xx.o [1]
  .text              ro code  0x08001564     0x4  startup_stm32f40xx.o [1]
  .text              ro code  0x08001568     0x4  startup_stm32f40xx.o [1]
  .text              ro code  0x0800156c     0x4  startup_stm32f40xx.o [1]
  .text              ro code  0x08001570     0x4  startup_stm32f40xx.o [1]
  .text              ro code  0x08001574     0x4  startup_stm32f40xx.o [1]
  .text              ro code  0x08001578     0x4  startup_stm32f40xx.o [1]
  .text              ro code  0x0800157c     0x4  startup_stm32f40xx.o [1]
  .text              ro code  0x08001580     0x4  startup_stm32f40xx.o [1]
  .text              ro code  0x08001584     0x4  startup_stm32f40xx.o [1]
  .text              ro code  0x08001588     0x4  startup_stm32f40xx.o [1]
  .text              ro code  0x0800158c     0x4  startup_stm32f40xx.o [1]
  .text              ro code  0x08001590     0x4  startup_stm32f40xx.o [1]
  .text              ro code  0x08001594     0x4  startup_stm32f40xx.o [1]
  .text              ro code  0x08001598     0x4  startup_stm32f40xx.o [1]
  .text              ro code  0x0800159c     0x4  startup_stm32f40xx.o [1]
  .text              ro code  0x080015a0     0x4  startup_stm32f40xx.o [1]
  .text              ro code  0x080015a4     0x4  startup_stm32f40xx.o [1]
  .text              ro code  0x080015a8     0x4  startup_stm32f40xx.o [1]
  .text              ro code  0x080015ac     0x4  startup_stm32f40xx.o [1]
  .text              ro code  0x080015b0     0x4  startup_stm32f40xx.o [1]
  .text              ro code  0x080015b4     0x4  startup_stm32f40xx.o [1]
  .text              ro code  0x080015b8     0x4  startup_stm32f40xx.o [1]
  .text              ro code  0x080015bc     0x4  startup_stm32f40xx.o [1]
  .text              ro code  0x080015c0     0x4  startup_stm32f40xx.o [1]
  .text              ro code  0x080015c4     0x4  startup_stm32f40xx.o [1]
  .text              ro code  0x080015c8     0x4  startup_stm32f40xx.o [1]
  .text              ro code  0x080015cc     0x4  startup_stm32f40xx.o [1]
  .text              ro code  0x080015d0     0x4  startup_stm32f40xx.o [1]
  .text              ro code  0x080015d4     0x4  startup_stm32f40xx.o [1]
  .text              ro code  0x080015d8     0x4  startup_stm32f40xx.o [1]
  .text              ro code  0x080015dc     0x4  startup_stm32f40xx.o [1]
  .text              ro code  0x080015e0     0x4  startup_stm32f40xx.o [1]
  .text              ro code  0x080015e4     0x4  startup_stm32f40xx.o [1]
  .text              ro code  0x080015e8     0x4  startup_stm32f40xx.o [1]
  .text              ro code  0x080015ec     0x4  startup_stm32f40xx.o [1]
  .text              ro code  0x080015f0     0x4  startup_stm32f40xx.o [1]
  .text              ro code  0x080015f4     0x4  startup_stm32f40xx.o [1]
  .text              ro code  0x080015f8     0x4  startup_stm32f40xx.o [1]
  .text              ro code  0x080015fc     0x4  startup_stm32f40xx.o [1]
  .text              ro code  0x08001600     0x4  startup_stm32f40xx.o [1]
  .text              ro code  0x08001604     0x4  startup_stm32f40xx.o [1]
  .text              ro code  0x08001608     0x4  startup_stm32f40xx.o [1]
  .text              ro code  0x0800160c     0x4  startup_stm32f40xx.o [1]
  .text              ro code  0x08001610     0x4  startup_stm32f40xx.o [1]
  .text              ro code  0x08001614     0x4  startup_stm32f40xx.o [1]
  .text              ro code  0x08001618     0x4  startup_stm32f40xx.o [1]
  .text              ro code  0x0800161c     0x4  startup_stm32f40xx.o [1]
  .text              ro code  0x08001620     0x4  startup_stm32f40xx.o [1]
  .text              ro code  0x08001624     0x4  startup_stm32f40xx.o [1]
  .text              ro code  0x08001628     0x4  startup_stm32f40xx.o [1]
  .text              ro code  0x0800162c     0x4  startup_stm32f40xx.o [1]
  .text              ro code  0x08001630     0x4  startup_stm32f40xx.o [1]
  .text              ro code  0x08001634     0x4  startup_stm32f40xx.o [1]
  .text              ro code  0x08001638     0x4  startup_stm32f40xx.o [1]
  .text              ro code  0x0800163c     0x4  startup_stm32f40xx.o [1]
  .text              ro code  0x08001640     0x4  startup_stm32f40xx.o [1]
  .text              ro code  0x08001644     0x4  startup_stm32f40xx.o [1]
  .text              ro code  0x08001648     0x4  startup_stm32f40xx.o [1]
  .text              ro code  0x0800164c     0x4  startup_stm32f40xx.o [1]
  .text              ro code  0x08001650     0x4  startup_stm32f40xx.o [1]
  .text              ro code  0x08001654     0x4  startup_stm32f40xx.o [1]
  .text              ro code  0x08001658     0x4  startup_stm32f40xx.o [1]
  .text              ro code  0x0800165c     0x4  startup_stm32f40xx.o [1]
  .text              ro code  0x08001660     0x4  startup_stm32f40xx.o [1]
  .text              ro code  0x08001664     0x4  startup_stm32f40xx.o [1]
  .text              ro code  0x08001668     0x4  startup_stm32f40xx.o [1]
  .text              ro code  0x0800166c     0x4  startup_stm32f40xx.o [1]
  .text              ro code  0x08001670     0x4  startup_stm32f40xx.o [1]
  .rodata            const    0x08001674     0x0  zero_init3.o [5]
  .rodata            const    0x08001674     0x0  copy_init3.o [5]
  Initializer bytes  ro data  0x08001674    0x1c  <for P2 s0>
                            - 0x08001690  0x1508

"P2", part 1 of 3:                          0x1c
  P2 s0                       0x20000000    0x1c  <Init block>
    .data            inited   0x20000000    0x10  stm32f4xx_rcc.o [1]
    .data            inited   0x20000010     0x4  main.o [1]
    .data            inited   0x20000014     0x4  main.o [1]
    .data            inited   0x20000018     0x1  main.o [1]
                            - 0x2000001c    0x1c

"P2", part 2 of 3:                          0x24
  .bss               zero     0x2000001c     0x8  MT_WH1602.o [1]
  .bss               zero     0x20000024     0x4  main.o [1]
  .bss               zero     0x20000028     0x4  main.o [1]
  .bss               zero     0x2000002c     0x4  main.o [1]
  .bss               zero     0x20000030     0x4  main.o [1]
  .bss               zero     0x20000034     0x2  main.o [1]
  .bss               zero     0x20000036     0x1  main.o [1]
  .bss               zero     0x20000037     0x1  main.o [1]
  .bss               zero     0x20000038     0x1  main.o [1]
  .bss               zero     0x20000039     0x1  main.o [1]
                            - 0x2000003a    0x1e

"P2", part 3 of 3:                        0x2000
  CSTACK                      0x20000040  0x2000  <Block>
    CSTACK           uninit   0x20000040  0x2000  <Block tail>
                            - 0x20002040  0x2000


*******************************************************************************
*** INIT TABLE
***

          Address     Size
          -------     ----
Zero (__iar_zero_init3)
    1 destination range, total size 0x1e:
          0x2000001c  0x1e

Copy (__iar_copy_init3)
    1 source range, total size 0x1c (112% of destination):
          0x08001674  0x1c
    1 destination range, total size 0x19:
          0x20000000  0x19



*******************************************************************************
*** MODULE SUMMARY
***

    Module                ro code  ro data  rw data
    ------                -------  -------  -------
C:\Users\DELL\Desktop\Mini projet\Formation STM32F4 L3SE (1)\Formation STM32F4 L3SE\Exercices\Template\EWARM\Demo\Obj: [1]
    MT_WH1602.o             1 356                 8
    main.o                  1 288        9       31
    misc.o                    124
    startup_stm32f40xx.o      764
    stm32f4xx_gpio.o          292
    stm32f4xx_rcc.o           344       16       16
    stm32f4xx_tim.o           428
    stm32f4xx_usart.o         520
    system_stm32f4xx.o        368
    -----------------------------------------------
    Total:                  5 484       25       55

command line: [2]
    -----------------------------------------------
    Total:

dl7M_tlf.a: [3]
    exit.o                      4
    low_level_init.o            4
    -----------------------------------------------
    Total:                      8

m7M_tlv.a: [4]
    fpinit_M.o                 26
    -----------------------------------------------
    Total:                     26

rt7M_tl.a: [5]
    cexit.o                    10
    cmain.o                    26
    copy_init3.o               46
    cstartup_M.o               12
    data_init.o                40
    zero_init3.o               34
    -----------------------------------------------
    Total:                    168

shb_l.a: [6]
    exit.o                     20
    -----------------------------------------------
    Total:                     20

    Gaps                        6
    Linker created                      39    8 192
---------------------------------------------------
    Grand Total:            5 712       64    8 247


*******************************************************************************
*** ENTRY LIST
***

Entry                      Address   Size  Type      Object
-----                      -------   ----  ----      ------
?main                   0x080014b1         Code  Gb  cmain.o [5]
APBAHBPrescTable        0x20000000   0x10  Data  Lc  stm32f4xx_rcc.o [1]
CSTACK$$Base            0x20000040          --   Gb  - Linker created -
CSTACK$$Limit           0x20002040          --   Gb  - Linker created -
Delay                   0x08000aa9    0xa  Code  Gb  main.o [1]
GPIO_Init               0x0800082d   0xaa  Code  Gb  stm32f4xx_gpio.o [1]
GPIO_PinAFConfig        0x080008f7   0x5a  Code  Gb  stm32f4xx_gpio.o [1]
GPIO_ResetBits          0x080008f3    0x4  Code  Gb  stm32f4xx_gpio.o [1]
GPIO_SetBits            0x080008ef    0x4  Code  Gb  stm32f4xx_gpio.o [1]
GPIO_StructInit         0x080008d7   0x18  Code  Gb  stm32f4xx_gpio.o [1]
GPIO_UART_Config        0x080009ef   0x4e  Code  Gb  main.o [1]
MT_WH1602_ClearDisplay  0x080003f5   0x78  Code  Gb  MT_WH1602.o [1]
MT_WH1602_DataReadWrite
                        0x080003d3   0x22  Code  Gb  MT_WH1602.o [1]
MT_WH1602_Delay         0x080003a7   0x2c  Code  Gb  MT_WH1602.o [1]
MT_WH1602_DisplayOnOff  0x0800046d   0xb6  Code  Gb  MT_WH1602.o [1]
MT_WH1602_FunctionSet   0x08000523   0xb6  Code  Gb  MT_WH1602.o [1]
MT_WH1602_GPIOcfg       0x2000001c    0x8  Data  Gb  MT_WH1602.o [1]
MT_WH1602_Init          0x08000189  0x21e  Code  Gb  MT_WH1602.o [1]
MT_WH1602_WriteData     0x080005d9   0xe0  Code  Gb  MT_WH1602.o [1]
NVIC_Init               0x08001061   0x6a  Code  Gb  misc.o [1]
NVIC_UART_Config        0x08000a87   0x22  Code  Gb  main.o [1]
PWM_Test                0x08000c47   0xae  Code  Gb  main.o [1]
RCC_AHB1PeriphClockCmd  0x080007d5   0x1e  Code  Gb  stm32f4xx_rcc.o [1]
RCC_APB1PeriphClockCmd  0x080007f3   0x1e  Code  Gb  stm32f4xx_rcc.o [1]
RCC_GetClocksFreq       0x080006d5  0x100  Code  Gb  stm32f4xx_rcc.o [1]
Region$$Table$$Base     0x08001470          --   Gb  - Linker created -
Region$$Table$$Limit    0x08001494          --   Gb  - Linker created -
SetSysClock             0x080012cf   0xf4  Code  Lc  system_stm32f4xx.o [1]
SystemInit              0x08001289   0x46  Code  Gb  system_stm32f4xx.o [1]
TIM4_IRQHandler         0x08000b21  0x126  Code  Gb  main.o [1]
TIM_ClearITPendingBit   0x08001281    0x8  Code  Gb  stm32f4xx_tim.o [1]
TIM_Cmd                 0x0800114d   0x1c  Code  Gb  stm32f4xx_tim.o [1]
TIM_CtrlPWMOutputs      0x08001217   0x22  Code  Gb  stm32f4xx_tim.o [1]
TIM_GetITStatus         0x0800124f   0x32  Code  Gb  stm32f4xx_tim.o [1]
TIM_ITConfig            0x08001239   0x16  Code  Gb  stm32f4xx_tim.o [1]
TIM_OC1Init             0x08001169   0x7e  Code  Gb  stm32f4xx_tim.o [1]
TIM_OC1PreloadConfig    0x08001205   0x12  Code  Gb  stm32f4xx_tim.o [1]
TIM_PrescalerConfig     0x08001147    0x6  Code  Gb  stm32f4xx_tim.o [1]
TIM_TimeBaseInit        0x080010dd   0x6a  Code  Gb  stm32f4xx_tim.o [1]
TM_TIMER_Init           0x08000cf5   0x68  Code  Gb  main.o [1]
UART4_IRQHandler        0x08000951   0x9e  Code  Gb  main.o [1]
USART_ClearITPendingBit
                        0x0800103d   0x24  Code  Gb  stm32f4xx_usart.o [1]
USART_Cmd               0x08000f55   0x1c  Code  Gb  stm32f4xx_usart.o [1]
USART_Config            0x08000a3d   0x4a  Code  Gb  main.o [1]
USART_GetITStatus       0x08000fcf   0x6e  Code  Gb  stm32f4xx_usart.o [1]
USART_ITConfig          0x08000f79   0x56  Code  Gb  stm32f4xx_usart.o [1]
USART_Init              0x08000e59   0xee  Code  Gb  stm32f4xx_usart.o [1]
USART_ReceiveData       0x08000f71    0x8  Code  Gb  stm32f4xx_usart.o [1]
__cmain                 0x080014b1         Code  Gb  cmain.o [5]
__exit                  0x080014e1   0x14  Code  Gb  exit.o [6]
__iar_copy_init3        0x080013f9   0x2e  Code  Gb  copy_init3.o [5]
__iar_data_init3        0x08001449   0x28  Code  Gb  data_init.o [5]
__iar_init_vfp          0x08001495         Code  Gb  fpinit_M.o [4]
__iar_program_start     0x08001505         Code  Gb  cstartup_M.o [5]
__iar_zero_init3        0x08001427   0x22  Code  Gb  zero_init3.o [5]
__low_level_init        0x080014cb    0x4  Code  Gb  low_level_init.o [3]
__vector_table          0x08000000         Data  Gb  startup_stm32f40xx.o [1]
_call_main              0x080014bd         Code  Gb  cmain.o [5]
_exit                   0x080014d5         Code  Gb  cexit.o [5]
_main                   0x080014c7         Code  Gb  cmain.o [5]
aRxBuffer               0x20000030    0x4  Data  Gb  main.o [1]
buzzer                  0x08000ab3   0x6e  Code  Gb  main.o [1]
exit                    0x080014cf    0x4  Code  Gb  exit.o [3]
fin                     0x20000014    0x4  Data  Gb  main.o [1]
main                    0x08000d5d   0xb4  Code  Gb  main.o [1]
uart_off                0x2000002c    0x4  Data  Gb  main.o [1]
ubNbrOfDataToRead       0x20000018    0x1  Data  Gb  main.o [1]
uhRxCounter             0x20000034    0x2  Data  Gb  main.o [1]
x                       0x20000024    0x4  Data  Gb  main.o [1]
x1                      0x20000036    0x1  Data  Gb  main.o [1]
x2                      0x20000037    0x1  Data  Gb  main.o [1]
x3                      0x20000038    0x1  Data  Gb  main.o [1]
x4                      0x20000039    0x1  Data  Gb  main.o [1]
y                       0x20000028    0x4  Data  Gb  main.o [1]
z                       0x20000010    0x4  Data  Gb  main.o [1]


[1] = C:\Users\DELL\Desktop\Mini projet\Formation STM32F4 L3SE (1)\Formation STM32F4 L3SE\Exercices\Template\EWARM\Demo\Obj
[2] = command line
[3] = dl7M_tlf.a
[4] = m7M_tlv.a
[5] = rt7M_tl.a
[6] = shb_l.a

  5 712 bytes of readonly  code memory
     64 bytes of readonly  data memory
  8 247 bytes of readwrite data memory

Errors: none
Warnings: none
